
> split@0.1.0 build
> astro build

[2m16:16:13[22m [34m[@astrojs/node][39m Enabling sessions with filesystem storage
[2m16:16:13[22m [34m[types][39m Generated [2m25ms[22m
[2m16:16:13[22m [34m[build][39m output: [34m"server"[39m
[2m16:16:13[22m [34m[build][39m mode: [34m"server"[39m
[2m16:16:13[22m [34m[build][39m directory: [34mE:\code\dev\BootCamp2026\Split\dist\[39m
[2m16:16:13[22m [34m[build][39m adapter: [32m@astrojs/node[39m
[2m16:16:13[22m [34m[build][39m Collecting build info...
[2m16:16:13[22m [34m[build][39m [32mΓ£ô Completed in 43ms.[39m
[2m16:16:13[22m [34m[build][39m Building server entrypoints...
[33m[1m16:16:13[22m [WARN] [vite][39m [33m"matchHostname", "matchPathname", "matchPort" and "matchProtocol" are imported from external module "@astrojs/internal-helpers/remote" but never used in "node_modules/astro/dist/assets/utils/index.js".[39m
[2m16:16:13[22m [34m[vite][39m [32mΓ£ô built in 344ms[39m
[33m[1m16:16:14[22m [WARN] [vite][39m [33m"matchHostname", "matchPathname", "matchPort" and "matchProtocol" are imported from external module "@astrojs/internal-helpers/remote" but never used in "node_modules/astro/dist/assets/utils/index.js".[39m
[2m16:16:14[22m [34m[vite][39m [32mΓ£ô built in 723ms[39m
[33m[1m16:16:14[22m [WARN] [vite][39m [33mGenerated an empty chunk: "analytics.astro_astro_type_script_index_0_lang".[39m
[2m16:16:14[22m [34m[vite][39m [32mΓ£ô built in 21ms[39m
[2m16:16:14[22m [34m[build][39m Rearranging server assets...
[2m16:16:14[22m [34m[build][39m [32mΓ£ô Completed in 1.18s.[39m
[2m16:16:14[22m [34m[build][39m Server built in [1m1.26s[22m
[2m16:16:14[22m [34m[build][39m [1mComplete![22m
